src/app.ts(14,34): error TS1470: The 'import.meta' meta-property is not allowed in files which will build into CommonJS output.
src/middleware/auth.ts(72,9): error TS2322: Type '{ roleName: string | undefined; permissions: string[]; id: string; email: string; password: string; name: string; nim: string | null; phone: string | null; avatar: string | null; roleId: string | null; ... 7 more ...; updatedAt: Date; }' is not assignable to type '{ id: string; name: string; deletedAt: Date | null; createdAt: Date; updatedAt: Date; email: string; password: string; nim: string | null; phone: string | null; fakultas: string | null; ... 8 more ...; resetTokenExpiry: Date | null; } & { ...; }'.
  Type '{ roleName: string | undefined; permissions: string[]; id: string; email: string; password: string; name: string; nim: string | null; phone: string | null; avatar: string | null; roleId: string | null; ... 7 more ...; updatedAt: Date; }' is missing the following properties from type '{ id: string; name: string; deletedAt: Date | null; createdAt: Date; updatedAt: Date; email: string; password: string; nim: string | null; phone: string | null; fakultas: string | null; ... 8 more ...; resetTokenExpiry: Date | null; }': fakultas, prodi, angkatan
src/middleware/auth.ts(140,13): error TS2322: Type '{ roleName: string | undefined; permissions: string[]; id: string; email: string; password: string; name: string; nim: string | null; phone: string | null; avatar: string | null; roleId: string | null; ... 7 more ...; updatedAt: Date; }' is not assignable to type '{ id: string; name: string; deletedAt: Date | null; createdAt: Date; updatedAt: Date; email: string; password: string; nim: string | null; phone: string | null; fakultas: string | null; ... 8 more ...; resetTokenExpiry: Date | null; } & { ...; }'.
  Type '{ roleName: string | undefined; permissions: string[]; id: string; email: string; password: string; name: string; nim: string | null; phone: string | null; avatar: string | null; roleId: string | null; ... 7 more ...; updatedAt: Date; }' is missing the following properties from type '{ id: string; name: string; deletedAt: Date | null; createdAt: Date; updatedAt: Date; email: string; password: string; nim: string | null; phone: string | null; fakultas: string | null; ... 8 more ...; resetTokenExpiry: Date | null; }': fakultas, prodi, angkatan
src/utils/jwt.ts(6,16): error TS2769: No overload matches this call.
  Overload 1 of 5, '(payload: string | object | Buffer<ArrayBufferLike>, secretOrPrivateKey: null, options?: (SignOptions & { algorithm: "none"; }) | undefined): string', gave the following error.
    Argument of type 'string' is not assignable to parameter of type 'null'.
  Overload 2 of 5, '(payload: string | object | Buffer<ArrayBufferLike>, secretOrPrivateKey: Buffer<ArrayBufferLike> | Secret | PrivateKeyInput | JsonWebKeyInput, options?: SignOptions | undefined): string', gave the following error.
    Type 'string' is not assignable to type 'number | StringValue | undefined'.
  Overload 3 of 5, '(payload: string | object | Buffer<ArrayBufferLike>, secretOrPrivateKey: Buffer<ArrayBufferLike> | Secret | PrivateKeyInput | JsonWebKeyInput, callback: SignCallback): void', gave the following error.
    Object literal may only specify known properties, and 'expiresIn' does not exist in type 'SignCallback'.
src/utils/jwt.ts(14,16): error TS2769: No overload matches this call.
  Overload 1 of 5, '(payload: string | object | Buffer<ArrayBufferLike>, secretOrPrivateKey: null, options?: (SignOptions & { algorithm: "none"; }) | undefined): string', gave the following error.
    Argument of type 'string' is not assignable to parameter of type 'null'.
  Overload 2 of 5, '(payload: string | object | Buffer<ArrayBufferLike>, secretOrPrivateKey: Buffer<ArrayBufferLike> | Secret | PrivateKeyInput | JsonWebKeyInput, options?: SignOptions | undefined): string', gave the following error.
    Type 'string' is not assignable to type 'number | StringValue | undefined'.
  Overload 3 of 5, '(payload: string | object | Buffer<ArrayBufferLike>, secretOrPrivateKey: Buffer<ArrayBufferLike> | Secret | PrivateKeyInput | JsonWebKeyInput, callback: SignCallback): void', gave the following error.
    Object literal may only specify known properties, and 'expiresIn' does not exist in type 'SignCallback'.
